// Vitest Snapshot v1, https://vitest.dev/guide/snapshot.html

exports[`buildMorningBriefUserMessage > matches snapshot (fixed now, no wall-clock flake) 1`] = `
"Morning brief context (stored facts only — omit empty sections):
{
  "date": "2026-04-12",
  "timeZone": "Asia/Kolkata",
  "displayName": null,
  "northStar": "Build with intention",
  "weekPriorities": null,
  "hasMorningIntentionToday": false,
  "weeklyGoals": [],
  "todayCommitments": [],
  "todayMeals": [],
  "headsUp": []
}"
`;
